0 Grozavesti
1 Dristor
0
0 0 0 0 0 1 0 0 1 1 0 0 1 0 1 0 1 1 
5 7.410
Cerul:? senin Era.plin ,de pasari?
1
0 0 0 0 0 1 0 1 0 1 0 1 0 0 0 0 1 0 
5 6.321
Valurile marii? :Dansau: incet!
2
0 0 0 0 1 1 0 1 0 1 1 1 1 0 0 0 1 0 
2 16.300
Soarele, apunea. Peste dealuri.
