0 8
1 Ferentari
2 Rahova
3 Colentina
4 Berceni
5 Pantelimon
6 Militari
