0 2
10 2
1 7
14 12 19 1 16 5 11
2 2
7 3
3 3
18 25 15
4 1
4
5 4
0 13 31 8
6 1
17
7 2
29 43
8 1
9
9 1
6
10 2
27 38
11 2
22 48
12 0
13 3
46 33 24
14 1
41
15 0
16 0
17 2
28 44
18 4
34 39 20 23
19 1
36
20 2
47 40
21 0
22 2
49 30
23 0
24 0
25 2
26 42
26 2
32 37
27 0
28 2
21 45
29 1
35
30 0
31 0
