0 1.000
1 0.571
2 0.000
3 1.000
4 0.000
5 0.750
6 1.000
7 1.000
8 1.000
9 1.000
10 0.000
11 0.500
12 0.000
13 0.667
14 0.000
15 0.000
16 0.000
17 0.500
18 0.250
19 0.000
20 0.000
21 0.000
22 0.000
23 0.000
24 0.000
25 0.500
26 0.000
27 0.000
28 1.000
29 0.000
30 0.000
31 0.000
