0 1
2
1 2
1 5
2 2
3 7
3 0

4 1
4
5 2
0 8
6 0

7 0

8 1
9
9 1
6
