0 Colentina
1 Berceni
2 Pantelimon
3 Militari
4 Baicului
0
0 0 0 0 1 1 1 1 0 1 0 0 1 1 1 1 0 1 
3 12.321
Lacul straluceste sub soare!
1
0 0 0 0 0 1 1 0 1 1 1 0 1 0 1 1 1 0 
2 2.313
Padurea ascunde, umbre linistite.
2
0 0 0 1 0 1 1 0 1 1 0 1 1 1 0 1 0 1 
5 5.210
Valurile, sopteau povesti.
3
0 0 0 0 1 0 0 1 0 0 0 1 0 1 1 1 1 0 
2 32.120
Stelele: o lumina blanda.
4
0 0 0 1 0 0 1 0 1 0 0 0 0 1 1 1 0 1 
5 8.562
Soarele rasare, incet.
5
0 0 0 0 0 0 0 1 1 0 0 1 1 0 0 0 1 0 
4 64.200
Copacul batran: martor tacut.
6
0 0 0 0 1 1 0 0 0 0 0 0 1 1 0 1 1 1 
2 18.180
Valurile canta! Noaptea-i aproape.
7
0 0 0 0 1 1 1 1 0 1 1 0 0 0 1 1 1 1 
4 23.230
Lumea adoarme sub razele lunii.
8
0 0 0 0 1 1 1 0 0 1 0 1 1 1 0 1 0 0 
5 23.420
Rasaritul incepe, o noua zi.
9
0 0 0 1 1 1 0 0 1 1 0 1 1 0 1 1 0 1 
3 4.511
Ploua tare? Doar o iluzie...
10
0 0 0 0 1 0 1 0 0 1 1 0 0 1 1 0 0 1 
2 41.210
Stelele cad! Dorinte ascunse.
11
0 0 0 1 1 1 0 0 1 0 1 0 0 0 1 0 1 1 
5 14.140
Ploaia sopteste, o liniste dulce.
