0 2
10 144
2 1813
1 7
14 1368
12 579
19 644
1 734
16 917
5 222
11 112
2 2
7 196
3 2565
3 3
18 2090
25 224
15 1128
4 1
4 4378
5 4
0 518
13 24
31 1461
8 340
6 1
17 328
7 2
29 268
43 1235
8 1
9 579
9 1
6 2127
10 2
27 1152
38 2100
11 2
22 2
48 2563
12 0
13 3
46 206
33 11605
24 884
14 1
41 2004
15 0
16 0
17 2
28 558
44 131382
18 4
34 1687
39 546
20 935
23 796
19 1
36 525326
20 2
47 553
40 12
21 0
22 2
49 18
30 23
23 0
24 0
25 2
26 358
42 1039
26 2
32 10882
37 9261
27 0
28 2
21 635
45 176
29 1
35 536871964
30 0
31 0
