0 Ferentari
1 Rahova
2 Colentina
3 Berceni
4 Pantelimon
5 Militari
6 Salajan
7 Baicului
0
0 0 0 0 1 1 1 1 0 1 0 0 1 1 1 1 0 1 
3 12.321
Lacul straluceste sub soare!
1
0 0 0 0 0 1 1 0 1 1 1 0 1 0 1 1 1 0 
2 2.313
Padurea ascunde, umbre linistite.
2
0 0 0 1 0 1 1 0 1 1 0 1 1 1 0 1 0 1 
5 5.210
Valurile, sopteau povesti.
3
0 0 0 0 1 0 0 1 0 0 0 1 0 1 1 1 1 0 
2 32.120
Stelele: o lumina blanda.
4
0 0 0 1 0 0 1 0 1 0 0 0 0 1 1 1 0 1 
5 8.562
Soarele rasare, incet.
5
0 0 1 0 1 0 0 0 1 1 0 1 1 1 0 0 1 0 
1 5.290
Ploua, dar apusul ramane cald.
6
0 0 0 0 0 0 0 1 1 0 0 1 1 0 0 0 1 0 
4 64.200
Copacul batran: martor tacut.
7
0 0 0 0 1 1 0 0 0 0 0 0 1 1 0 1 1 1 
2 18.180
Valurile canta! Noaptea-i aproape.
8
0 0 0 0 1 1 1 1 0 1 1 0 0 0 1 1 1 1 
4 23.230
Lumea adoarme sub razele lunii.
9
0 0 1 0 1 1 1 1 1 0 1 1 0 0 0 0 0 1 
3 19.200
Apusul colora norii. Fantastic!
10
0 0 0 0 1 1 1 0 0 1 0 1 1 1 0 1 0 0 
5 23.420
Rasaritul incepe, o noua zi.
11
0 0 0 1 1 1 0 0 1 1 0 1 1 0 1 1 0 1 
3 4.511
Ploua tare? Doar o iluzie...
12
0 0 0 0 1 0 1 0 0 1 1 0 0 1 1 0 0 1 
2 41.210
Stelele cad! Dorinte ascunse.
13
0 0 1 1 0 1 1 0 1 0 1 1 0 1 1 0 1 0 
1 27.650
Lumea de vis: plina de culoare.
14
0 0 0 1 1 1 0 0 1 0 1 0 0 0 1 0 1 1 
5 14.140
Ploaia sopteste, o liniste dulce.
