0 2
5 144
1 1813
1 6
8 1368
7 579
0 734
10 917
3 222
6 112
2 2
4 196
2 2565
3 2
11 2090
9 1128
4 0
