0 Rahova
1 Pantelimon
0
0 0 0 0 1 1 0 0 0 1 0 0 1 1 1 0 1 0 
3 3.410
copacul, Batran: ascundea povesti?
1
0 0 0 0 1 0 1 1 0 1 1 1 0 0 0 0 1 0 
3 7.321
Fluturele zboara! printre. flori:
