0 2
10 144
2 1813
1 7
14 1370
12 579
19 644
1 734
16 919
5 222
11 114
2 2
7 192
3 2561
3 3
18 2090
25 224
15 1128
4 1
4 4382
5 4
0 550
13 24
31 1461
8 340
6 1
17 328
7 2
29 268
43 1235
8 1
9 579
9 1
6 2127
10 2
27 1188
38 2064
11 2
22 2
48 515
12 0
13 3
46 206
33 3413
24 884
14 1
41 1872
15 0
16 0
17 2
28 558
44 310
18 4
34 1691
39 558
20 935
23 784
19 1
36 1038
20 2
47 525
40 40
21 0
22 2
49 2070
30 2067
23 0
24 0
25 2
26 326
42 1039
26 2
32 2694
37 1065
27 0
28 2
21 635
45 176
29 1
35 1052
30 0
31 0
