0 5
1 Colentina
2 Berceni
3 Pantelimon
4 Militari
